// Jest Snapshot v1, https://goo.gl/fbAQLP

exports[`<Card /> renders the <Card /> component and toggles the card feature 1`] = `
<div
  class="card__Group-s87lnr-2 hsnmof"
>
  <div
    class="card__Container-s87lnr-1 gHwFSP"
  >
    <p
      class="card__Title-s87lnr-0 kUjNdn"
    >
      Documentaries
    </p>
    <div
      class="card__Entities-s87lnr-5 iqDGmA"
    >
      <div
        class="card__Item-s87lnr-14 gKuASz"
        data-testid="tiger-king-item-feature"
      >
        <img
          class="card__Image-s87lnr-7 jddFU"
          src="/images/series/documentaries/tiger-king/small.jpg"
        />
        <div
          class="card__Meta-s87lnr-6 kVbVwI"
        >
          <p
            class="card__SubTitle-s87lnr-3 isRqeN"
          >
            Tiger King
          </p>
          <p
            class="card__Text-s87lnr-4 jmZrMk"
          >
            Tiger King description
          </p>
        </div>
      </div>
    </div>
  </div>
  <div
    class="card__Container-s87lnr-1 gHwFSP"
  >
    <p
      class="card__Title-s87lnr-0 kUjNdn"
    >
      Feel Good
    </p>
    <div
      class="card__Entities-s87lnr-5 iqDGmA"
    >
      <div
        class="card__Item-s87lnr-14 gKuASz"
        data-testid="juno-item-feature"
      >
        <img
          class="card__Image-s87lnr-7 jddFU"
          src="/images/series/feel-good/juno/small.jpg"
        />
        <div
          class="card__Meta-s87lnr-6 kVbVwI"
        >
          <p
            class="card__SubTitle-s87lnr-3 isRqeN"
          >
            Juno
          </p>
          <p
            class="card__Text-s87lnr-4 jmZrMk"
          >
            Juno description
          </p>
        </div>
      </div>
    </div>
  </div>
</div>
`;

exports[`<Card /> renders the <Card /> component with populated data 1`] = `
<div
  class="card__Group-s87lnr-2 hsnmof"
>
  <div
    class="card__Container-s87lnr-1 gHwFSP"
  >
    <p
      class="card__Title-s87lnr-0 kUjNdn"
    >
      Documentaries
    </p>
    <div
      class="card__Entities-s87lnr-5 iqDGmA"
    >
      <div
        class="card__Item-s87lnr-14 gKuASz"
        data-testid="tiger-king-item-feature"
      >
        <img
          class="card__Image-s87lnr-7 jddFU"
          src="/images/series/documentaries/tiger-king/small.jpg"
        />
        <div
          class="card__Meta-s87lnr-6 kVbVwI"
        >
          <p
            class="card__SubTitle-s87lnr-3 isRqeN"
          >
            Tiger King
          </p>
          <p
            class="card__Text-s87lnr-4 jmZrMk"
          >
            Tiger King description
          </p>
        </div>
      </div>
    </div>
  </div>
  <div
    class="card__Container-s87lnr-1 gHwFSP"
  >
    <p
      class="card__Title-s87lnr-0 kUjNdn"
    >
      Feel Good
    </p>
    <div
      class="card__Entities-s87lnr-5 iqDGmA"
    >
      <div
        class="card__Item-s87lnr-14 gKuASz"
        data-testid="juno-item-feature"
      >
        <img
          class="card__Image-s87lnr-7 jddFU"
          src="/images/series/feel-good/juno/small.jpg"
        />
        <div
          class="card__Meta-s87lnr-6 kVbVwI"
        >
          <p
            class="card__SubTitle-s87lnr-3 isRqeN"
          >
            Juno
          </p>
          <p
            class="card__Text-s87lnr-4 jmZrMk"
          >
            Juno description
          </p>
        </div>
      </div>
    </div>
  </div>
</div>
`;
